
> rainbow-ai@1.0.0 test
> vitest src/tools/__tests__/confusion-matrix-generator.test.ts --reporter=verbose

[1m[43m DEPRECATED [49m[22m [33m`test.poolOptions` was removed in Vitest 4. All previous `poolOptions` are now top-level options. Please, refer to the migration guide: https://vitest.dev/guide/migration#pool-rework[39m
[1m[43m DEPRECATED [49m[22m [33m`test.poolOptions` was removed in Vitest 4. All previous `poolOptions` are now top-level options. Please, refer to the migration guide: https://vitest.dev/guide/migration#pool-rework[39m
[1m[43m DEPRECATED [49m[22m [33m`test.poolOptions` was removed in Vitest 4. All previous `poolOptions` are now top-level options. Please, refer to the migration guide: https://vitest.dev/guide/migration#pool-rework[39m
[1m[43m DEPRECATED [49m[22m [33m`test.poolOptions` was removed in Vitest 4. All previous `poolOptions` are now top-level options. Please, refer to the migration guide: https://vitest.dev/guide/migration#pool-rework[39m

[1m[46m RUN [49m[22m [36mv4.0.18 [39m[90mC:/Users/Jyue/Documents/1-projects/Software Projects/rainbow-ai[39m

 [32m✓[39m [30m[42m unit [49m[39m src/tools/__tests__/confusion-matrix-generator.test.ts[2m > [22mConfusion Matrix Generator[2m > [22mbuildConfusionMatrix[2m > [22mshould build confusion matrix from simple dataset[32m 3[2mms[22m[39m
 [32m✓[39m [30m[42m unit [49m[39m src/tools/__tests__/confusion-matrix-generator.test.ts[2m > [22mConfusion Matrix Generator[2m > [22mbuildConfusionMatrix[2m > [22mshould return top N pairs sorted by count descending[32m 0[2mms[22m[39m
 [32m✓[39m [30m[42m unit [49m[39m src/tools/__tests__/confusion-matrix-generator.test.ts[2m > [22mConfusion Matrix Generator[2m > [22mbuildConfusionMatrix[2m > [22mshould handle empty dataset[32m 0[2mms[22m[39m
 [32m✓[39m [30m[42m unit [49m[39m src/tools/__tests__/confusion-matrix-generator.test.ts[2m > [22mConfusion Matrix Generator[2m > [22mbuildConfusionMatrix[2m > [22mshould handle single row[32m 0[2mms[22m[39m
 [32m✓[39m [30m[42m unit [49m[39m src/tools/__tests__/confusion-matrix-generator.test.ts[2m > [22mConfusion Matrix Generator[2m > [22mbuildConfusionMatrix[2m > [22mshould respect topN limit[32m 0[2mms[22m[39m
 [32m✓[39m [30m[42m unit [49m[39m src/tools/__tests__/confusion-matrix-generator.test.ts[2m > [22mConfusion Matrix Generator[2m > [22mbuildConfusionMatrix[2m > [22mshould aggregate multiple misclassifications per pair[32m 0[2mms[22m[39m
 [32m✓[39m [30m[42m unit [49m[39m src/tools/__tests__/confusion-matrix-generator.test.ts[2m > [22mConfusion Matrix Generator[2m > [22mcalculateAccuracy[2m > [22mshould calculate 100% accuracy when no misclassifications[32m 0[2mms[22m[39m
 [32m✓[39m [30m[42m unit [49m[39m src/tools/__tests__/confusion-matrix-generator.test.ts[2m > [22mConfusion Matrix Generator[2m > [22mcalculateAccuracy[2m > [22mshould calculate 50% accuracy with half misclassified[32m 0[2mms[22m[39m
 [32m✓[39m [30m[42m unit [49m[39m src/tools/__tests__/confusion-matrix-generator.test.ts[2m > [22mConfusion Matrix Generator[2m > [22mcalculateAccuracy[2m > [22mshould return 0 when totalEvaluated is 0[32m 0[2mms[22m[39m
 [32m✓[39m [30m[42m unit [49m[39m src/tools/__tests__/confusion-matrix-generator.test.ts[2m > [22mConfusion Matrix Generator[2m > [22mcalculateAccuracy[2m > [22mshould round to 2 decimal places[32m 0[2mms[22m[39m
 [32m✓[39m [30m[42m unit [49m[39m src/tools/__tests__/confusion-matrix-generator.test.ts[2m > [22mConfusion Matrix Generator[2m > [22mcalculateAccuracy[2m > [22mshould handle partial misclassification[32m 0[2mms[22m[39m
 [32m✓[39m [30m[42m unit [49m[39m src/tools/__tests__/confusion-matrix-generator.test.ts[2m > [22mConfusion Matrix Generator[2m > [22mformatAsCSV[2m > [22mshould format result as CSV with header and data rows[32m 0[2mms[22m[39m
 [32m✓[39m [30m[42m unit [49m[39m src/tools/__tests__/confusion-matrix-generator.test.ts[2m > [22mConfusion Matrix Generator[2m > [22mformatAsCSV[2m > [22mshould handle empty top pairs[32m 0[2mms[22m[39m
 [31m×[39m [30m[42m unit [49m[39m src/tools/__tests__/confusion-matrix-generator.test.ts[2m > [22mConfusion Matrix Generator[2m > [22mformatAsCSV[2m > [22mshould format percentages correctly in CSV[32m 9[2mms[22m[39m
[31m   → expected 'predicted_intent,actual_intent,count,…' to be 'a,b,3,60' // Object.is equality[39m
 [32m✓[39m [30m[42m unit [49m[39m src/tools/__tests__/confusion-matrix-generator.test.ts[2m > [22mConfusion Matrix Generator[2m > [22mformatAsCSV[2m > [22mshould distinguish between different profiles in header[32m 0[2mms[22m[39m
 [31m×[39m [30m[42m unit [49m[39m src/tools/__tests__/confusion-matrix-generator.test.ts[2m > [22mConfusion Matrix Generator[2m > [22mIntegration: Full workflow[2m > [22mshould correctly process a realistic dataset to 95% accuracy[32m 3[2mms[22m[39m
[31m   → expected 'correct' to be 'booking' // Object.is equality[39m

[31m⎯⎯⎯⎯⎯⎯⎯[39m[1m[41m Failed Tests 2 [49m[22m[31m⎯⎯⎯⎯⎯⎯⎯[39m

[41m[1m FAIL [22m[49m [30m[42m unit [49m[39m src/tools/__tests__/confusion-matrix-generator.test.ts[2m > [22mConfusion Matrix Generator[2m > [22mformatAsCSV[2m > [22mshould format percentages correctly in CSV
[31m[1mAssertionError[22m: expected 'predicted_intent,actual_intent,count,…' to be 'a,b,3,60' // Object.is equality[39m

Expected: [32m"a,b,3,60"[39m
Received: [31m"predicted_intent,actual_intent,count,percentage"[39m

[36m [2m❯[22m src/tools/__tests__/confusion-matrix-generator.test.ts:[2m182:28[22m[39m
    [90m180| [39m      const dataLines = lines.filter((line) => !line.startsWith('#') &…
    [90m181| [39m
    [90m182| [39m      [34mexpect[39m(dataLines[[34m0[39m])[33m.[39m[34mtoBe[39m([32m'a,b,3,60'[39m)[33m;[39m
    [90m   | [39m                           [31m^[39m
    [90m183| [39m      [34mexpect[39m(dataLines[[34m1[39m])[33m.[39m[34mtoBe[39m([32m'c,d,2,40'[39m)[33m;[39m
    [90m184| [39m    })[33m;[39m

[31m[2m⎯⎯⎯⎯⎯⎯⎯⎯⎯⎯⎯⎯⎯⎯⎯⎯⎯⎯⎯⎯⎯⎯⎯⎯[1/2]⎯[22m[39m

[41m[1m FAIL [22m[49m [30m[42m unit [49m[39m src/tools/__tests__/confusion-matrix-generator.test.ts[2m > [22mConfusion Matrix Generator[2m > [22mIntegration: Full workflow[2m > [22mshould correctly process a realistic dataset to 95% accuracy
[31m[1mAssertionError[22m: expected 'correct' to be 'booking' // Object.is equality[39m

Expected: [32m"booking"[39m
Received: [31m"correct"[39m

[36m [2m❯[22m src/tools/__tests__/confusion-matrix-generator.test.ts:[2m235:43[22m[39m
    [90m233| [39m
    [90m234| [39m      // Verify top pair is booking->inquiry with 2 occurrences (40% o…
    [90m235| [39m      [34mexpect[39m(topPairs[[34m0[39m][33m.[39mpredictedIntent)[33m.[39m[34mtoBe[39m([32m'booking'[39m)[33m;[39m
    [90m   | [39m                                          [31m^[39m
    [90m236| [39m      [34mexpect[39m(topPairs[[34m0[39m][33m.[39mactualIntent)[33m.[39m[34mtoBe[39m([32m'inquiry'[39m)[33m;[39m
    [90m237| [39m      [34mexpect[39m(topPairs[[34m0[39m][33m.[39mcount)[33m.[39m[34mtoBe[39m([34m2[39m)[33m;[39m

[31m[2m⎯⎯⎯⎯⎯⎯⎯⎯⎯⎯⎯⎯⎯⎯⎯⎯⎯⎯⎯⎯⎯⎯⎯⎯[2/2]⎯[22m[39m


[2m Test Files [22m [1m[31m1 failed[39m[22m[90m (1)[39m
[2m      Tests [22m [1m[31m2 failed[39m[22m[2m | [22m[1m[32m14 passed[39m[22m[90m (16)[39m
[2m   Start at [22m 13:07:57
[2m   Duration [22m 476ms[2m (transform 67ms, setup 0ms, import 144ms, tests 20ms, environment 0ms)[22m

